                                   MODFLOW 6
                U.S. GEOLOGICAL SURVEY MODULAR HYDROLOGIC MODEL
                            VERSION 6.5.0 05/23/2024

   MODFLOW 6 compiled May 23 2024 18:06:57 with Intel(R) Fortran Intel(R) 64
   Compiler Classic for applications running on Intel(R) 64, Version 2021.7.0
                             Build 20220726_000000

This software has been approved for release by the U.S. Geological 
Survey (USGS). Although the software has been subjected to rigorous 
review, the USGS reserves the right to update the software as needed 
pursuant to further analysis and review. No warranty, expressed or 
implied, is made by the USGS or the U.S. Government as to the 
functionality of the software and related material nor shall the 
fact of release constitute any such warranty. Furthermore, the 
software is released on condition that neither the USGS nor the U.S. 
Government shall be held liable for any damages resulting from its 
authorized or unauthorized use. Also refer to the USGS Water 
Resources Software User Rights Notice for complete use, copyright, 
and distribution information.


As a work of the United States Government, this USGS product is 
in the public domain within the United States. You can copy, 
modify, distribute, and perform the work, even for commercial 
purposes, all without asking permission. Additionally, USGS 
waives copyright and related rights in the work worldwide 
through CC0 1.0 Universal Public Domain Dedication 
(https://creativecommons.org/publicdomain/zero/1.0/).

The following GNU Lesser General Public License (LGPL) libraries
are used in this USGS product:

    SPARSKIT version 2.0
      ilut, luson, and qsplit 
      (https://www-users.cse.umn.edu/~saad/software/SPARSKIT/)

    RCM - Reverse Cuthill McKee Ordering
      (https://people.math.sc.edu/Burkardt/f_src/rcm/rcm.html)

    BLAS - Basic Linear Algebra Subprograms Level 1
      (https://people.math.sc.edu/Burkardt/f_src/blas1_d/blas1_d.html)

    SPARSEKIT - Sparse Matrix Utility Package
      amux, dperm, dvperm, rperm, and cperm
      (https://people.sc.fsu.edu/~jburkardt/f77_src/sparsekit/sparsekit.html)

The following BSD-3 License libraries are used in this USGS product:

    Modern Fortran DAG Library
      Copyright (c) 2018, Jacob Williams
      All rights reserved.
      (https://github.com/jacobwilliams/daglib)

MODFLOW 6 compiler options: /Isrc\libmf6core.a.p /Isrc /I..\src
/Isrc\libmf6_external.a.p /MTd /nologo /warn:general /warn:truncated_source
/stand:f08 /Zi /traceback /O2 /fpe:0 /heap-arrays:0 /traceback /fpp
/Qdiag-disable:7416 /Qdiag-disable:7025 /Qdiag-disable:5268
/Qdiag-disable:10448 /Fdsrc\libmf6core.a.p\Utilities_compilerversion.F90.pdb
/module:src\libmf6core.a.p
/Fosrc/libmf6core.a.p/Utilities_compilerversion.F90.obj /c

System command used to initiate simulation:
C:\Users\dbabrams\Documents\GitHub\modflow-state\bin\mf6.exe

MODFLOW was compiled using uniform precision.

Real Variables
  KIND: 8
  TINY (smallest non-zero value):    2.225074-308
  HUGE (largest value):    1.797693+308
  PRECISION: 15
  SIZE IN BITS: 64

Integer Variables
  KIND: 4
  HUGE (largest value): 2147483647
  SIZE IN BITS: 32

Long Integer Variables
  KIND: 8
  HUGE (largest value): 9223372036854775807
  SIZE IN BITS: 64

Logical Variables
  KIND: 4
  SIZE IN BITS: 32
 

 OPENED mfsim.nam
 FILE TYPE:NAM6               UNIT 1001   STATUS:OLD                 
 FORMAT:FORMATTED              ACCESS:SEQUENTIAL          
 ACTION:READ                

 # gwf-iisg model version 0.post46.dev0+g7612818
 # File generated by Flopy version 3.11.0.dev0 on 05/02/2026 at 16:47:10.
 # via modflow-setup version 0.7.0.post12+g9a182cf at 2026-05-02 16:47:49

 OPENED gwf-iisg.tdis
 FILE TYPE:TDIS6              UNIT 1002   STATUS:OLD                 
 FORMAT:FORMATTED              ACCESS:SEQUENTIAL          
 ACTION:READ                

 # gwf-iisg model version 0.post46.dev0+g7612818
 # File generated by Flopy version 3.11.0.dev0 on 05/02/2026 at 16:47:10.
 # via modflow-setup version 0.7.0.post12+g9a182cf at 2026-05-02 16:47:49
 # perlen nstp tsmult

 OPENED gwf-iisg.nam
 FILE TYPE:GWF6               UNIT 1003   STATUS:OLD                 
 FORMAT:FORMATTED              ACCESS:SEQUENTIAL          
 ACTION:READ                

 # gwf-iisg model version 0.post46.dev0+g7612818
 # File generated by Flopy version 3.11.0.dev0 on 05/02/2026 at 16:47:10.
 # via modflow-setup version 0.7.0.post12+g9a182cf at 2026-05-02 16:47:49

 OPENED gwf-iisg.dis
 FILE TYPE:DIS6               UNIT 1004   STATUS:OLD                 
 FORMAT:FORMATTED              ACCESS:SEQUENTIAL          
 ACTION:READ                

 # gwf-iisg model version 0.post46.dev0+g7612818
 # File generated by Flopy version 3.11.0.dev0 on 05/02/2026 at 16:47:10.
 # via modflow-setup version 0.7.0.post12+g9a182cf at 2026-05-02 16:47:49

 OPENED gwf-iisg.npf
 FILE TYPE:NPF6               UNIT 1026   STATUS:OLD                 
 FORMAT:FORMATTED              ACCESS:SEQUENTIAL          
 ACTION:READ                

 # gwf-iisg model version 0.post46.dev0+g7612818
 # File generated by Flopy version 3.11.0.dev0 on 05/02/2026 at 16:47:10.
 # via modflow-setup version 0.7.0.post12+g9a182cf at 2026-05-02 16:47:49

 OPENED gwf-iisg.ic
 FILE TYPE:IC6                UNIT 1047   STATUS:OLD                 
 FORMAT:FORMATTED              ACCESS:SEQUENTIAL          
 ACTION:READ                

 # gwf-iisg model version 0.post46.dev0+g7612818
 # File generated by Flopy version 3.11.0.dev0 on 05/02/2026 at 16:47:10.
 # via modflow-setup version 0.7.0.post12+g9a182cf at 2026-05-02 16:47:49

 OPENED gwf-iisg.oc
 FILE TYPE:OC6       UNIT 1058   STATUS:OLD                 
 FORMAT:FORMATTED              ACCESS:SEQUENTIAL          
 ACTION:READ                


 OPENED gwf-iisg-trimmed.obs
 FILE TYPE:OBS6      UNIT 1059   STATUS:OLD                 
 FORMAT:FORMATTED              ACCESS:SEQUENTIAL          
 ACTION:READ                


 OPENED gwf-iisg.wel
 FILE TYPE:WEL6               UNIT 1060   STATUS:OLD                 
 FORMAT:FORMATTED              ACCESS:SEQUENTIAL          
 ACTION:READ                

 # gwf-iisg model version 0.post46.dev0+g7612818
 # File generated by Flopy version 3.11.0.dev0 on 05/02/2026 at 16:47:10.
 # via modflow-setup version 0.7.0.post12+g9a182cf at 2026-05-02 16:47:49

 OPENED gwf-iisg.drn
 FILE TYPE:DRN6               UNIT 1061   STATUS:OLD                 
 FORMAT:FORMATTED              ACCESS:SEQUENTIAL          
 ACTION:READ                

 # gwf-iisg model version 0.post46.dev0+g7612818
 # File generated by Flopy version 3.11.0.dev0 on 05/02/2026 at 16:47:11.
 # via modflow-setup version 0.7.0.post12+g9a182cf at 2026-05-02 16:47:49

 OPENED gwf-iisg.ghb
 FILE TYPE:GHB6               UNIT 1062   STATUS:OLD                 
 FORMAT:FORMATTED              ACCESS:SEQUENTIAL          
 ACTION:READ                

 # gwf-iisg model version 0.post46.dev0+g7612818
 # File generated by Flopy version 3.11.0.dev0 on 05/02/2026 at 16:47:10.
 # via modflow-setup version 0.7.0.post12+g9a182cf at 2026-05-02 16:47:49

 OPENED gwf-iisg.rcha
 FILE TYPE:RCH6               UNIT 1064   STATUS:OLD                 
 FORMAT:FORMATTED              ACCESS:SEQUENTIAL          
 ACTION:READ                

 # gwf-iisg model version 0.post46.dev0+g7612818
 # File generated by Flopy version 3.11.0.dev0 on 05/02/2026 at 16:47:10.
 # via modflow-setup version 0.7.0.post12+g9a182cf at 2026-05-02 16:47:49

 OPENED gwf-iisg.sfr
 FILE TYPE:SFR6      UNIT 1065   STATUS:OLD                 
 FORMAT:FORMATTED              ACCESS:SEQUENTIAL          
 ACTION:READ                


 READING SIMULATION OPTIONS
    SIMULATION WILL CONTINUE EVEN IF THERE IS NONCONVERGENCE.
    MAXIMUM NUMBER OF ERRORS THAT WILL BE STORED IS 1000
 END OF SIMULATION OPTIONS

 READING SIMULATION TIMING

 TDIS -- TEMPORAL DISCRETIZATION PACKAGE,
 VERSION 1 : 11/13/2014 - INPUT READ FROM MEMPATH: __INPUT__/SIM/TDIS                                
 PROCESSING TDIS OPTIONS
    SIMULATION TIME UNIT IS DAYS
    SIMULATION STARTING DATE AND TIME IS 2003-01-01                    
 END OF TDIS OPTIONS
 PROCESSING TDIS DIMENSIONS
    1 STRESS PERIOD(S) IN SIMULATION
 END OF TDIS DIMENSIONS
 PROCESSING TDIS PERIODDATA


 STRESS PERIOD     LENGTH       TIME STEPS     MULTIPLIER FOR DELT
 ----------------------------------------------------------------------------
        1         1.000000          1                    1.000
 END OF TDIS PERIODDATA
 END OF SIMULATION TIMING

 READING SIMULATION MODELS
    GWF6 model 1 will be created
 END OF SIMULATION MODELS

 READING SIMULATION EXCHANGES
 END OF SIMULATION EXCHANGES

 READING SOLUTIONGROUP

 Creating solution: SLN_1           

 OPENED gwf-iisg.ims
 FILE TYPE:IMS   UNIT 1067   STATUS:OLD                 
 FORMAT:FORMATTED              ACCESS:SEQUENTIAL          
 ACTION:READ                

 END OF SOLUTIONGROUP

PROCESSING MODEL CONNECTIONS

 OPENED external/wel_000.dat
 FILE TYPE:OPEN/CLOSE   UNIT 1074   STATUS:OLD                 
 FORMAT:FORMATTED              ACCESS:SEQUENTIAL          
 ACTION:READ                


 OPENED .\external\drn_000.dat
 FILE TYPE:OPEN/CLOSE   UNIT 1075   STATUS:OLD                 
 FORMAT:FORMATTED              ACCESS:SEQUENTIAL          
 ACTION:READ                


 OPENED external/ghb_000.dat
 FILE TYPE:OPEN/CLOSE   UNIT 1076   STATUS:OLD                 
 FORMAT:FORMATTED              ACCESS:SEQUENTIAL          
 ACTION:READ                


 IMS -- ITERATIVE MODEL SOLUTION PACKAGE, VERSION 6, 4/28/2017
         INPUT READ FROM UNIT 1067
 # gwf-iisg model version 0.post46.dev0+g7612818
 # File generated by Flopy version 3.11.0.dev0 on 05/02/2026 at 16:47:10.
 # via modflow-setup version 0.7.0.post12+g9a182cf at 2026-05-02 16:47:49

 PROCESSING IMS OPTIONS
 COMPLEX OPTION:
 DEFAULT SOLVER INPUT VALUES REFLECT STRONGLY NONLINEAR MODEL

 OPENED solver_outer_out.csv
 FILE TYPE:CSV_OUTER_OUTPUT   UNIT 1083   STATUS:REPLACE             
 FORMAT:FORMATTED              ACCESS:SEQUENTIAL          
 ACTION:READWRITE           

    CSV OUTPUT WILL BE SAVED TO FILE: solver_outer_out.csv
    OPENED ON UNIT:    1083
 END OF IMS OPTIONS

 PROCESSING IMS NONLINEAR
 END OF IMS NONLINEAR DATA
 **UNDER-RELAXATION WILL BE USED***
 

 PROCESSING LINEAR DATA
 END OF LINEAR DATA
 ***IMS LINEAR SOLVER WILL BE USED***

 IMSLINEAR -- UNSTRUCTURED LINEAR SOLUTION PACKAGE, VERSION 8, 04/28/2017
 An asymmetric matrix will be solved

 OUTER ITERATION CONVERGENCE CRITERION    (DVCLOSE) =    0.100000E+00
 MAXIMUM NUMBER OF OUTER ITERATIONS        (MXITER) = 300
 SOLVER PRINTOUT INDEX                     (IPRIMS) = 1
 NONLINEAR ITERATION METHOD            (NONLINMETH) = 3
 LINEAR SOLUTION METHOD                   (LINMETH) = 1
 UNDER-RELAXATION WEIGHT REDUCTION FACTOR   (THETA) =    0.800000E+00
 UNDER-RELAXATION WEIGHT INCREASE INCREMENT (KAPPA) =    0.100000E-03
 UNDER-RELAXATION PREVIOUS HISTORY FACTOR   (GAMMA) =    0.000000E+00
 UNDER-RELAXATION MOMENTUM TERM         (AMOMENTUM) =    0.000000E+00
 MAXIMUM NUMBER OF BACKTRACKS            (NUMTRACK) = 20
 BACKTRACKING TOLERANCE FACTOR               (BTOL) =    0.105000E+01
 BACKTRACKING REDUCTION FACTOR             (BREDUC) =    0.100000E+00
 BACKTRACKING RESIDUAL LIMIT              (RES_LIM) =    0.200000E-02

       SOLUTION BY THE BICONJUGATE-GRADIENT STABILIZED METHOD
 ------------------------------------------------------------------
 MAXIMUM OF 300 CALLS OF SOLUTION ROUTINE
 MAXIMUM OF 500 INTERNAL ITERATIONS PER CALL TO SOLUTION ROUTINE
 LINEAR ACCELERATION METHOD            = BCGS      
 MATRIX PRECONDITIONING TYPE           = INCOMPLETE LUT      
 MATRIX SCALING APPROACH               = NO SCALING          
 MATRIX REORDERING APPROACH            = ORIGINAL ORDERING        
 NUMBER OF ORTHOGONALIZATIONS          = 2
 HEAD CHANGE CRITERION FOR CLOSURE     =    0.10000E-01
 RESIDUAL CHANGE CRITERION FOR CLOSURE =    0.10000E-02
 RESIDUAL CONVERGENCE OPTION           = 3
 RESIDUAL CONVERGENCE NORM             = RELATIVE L2NORM 
 RELAXATION FACTOR                     =    0.00000E+00
 NUMBER OF LEVELS                      =              5
 DROP TOLERANCE                        =    0.10000E-03


 
    Solving:  Stress period:     1    Time step:     1
 
1
 STRESS PERIOD NO. 1, LENGTH =   1.000000    
 ------------------------------------------
 NUMBER OF TIME STEPS = 1
 MULTIPLIER FOR DELT =     1.000
 #k i j q boundname
 #k i j bhead cond boundname
 INITIAL TIME STEP SIZE =   1.000000    



 PSEUDO-TRANSIENT CONTINUATION WILL BE APPLIED TO MODEL 1 ("GWF-IISG") DURING THIS TIME STEP

 SLN_1 OUTER ITERATION SUMMARY
 ----------------------------------------------------------------------------------------------------------------------------------------------------------------
                                OUTER      INNER  BACKTRACK  BACKTRACK        INCOMING        OUTGOING                    STEP   MAXIMUM CHANGE MODEL-(CELLID) OR
 OUTER ITERATION STEP       ITERATION  ITERATION       FLAG ITERATIONS        RESIDUAL        RESIDUAL  MAXIMUM CHANGE SUCCESS             MODEL-PACKAGE-(NUMBER)
 ----------------------------------------------------------------------------------------------------------------------------------------------------------------
 Backtracking                       1                     0          0       4841105.3       4841105.3                       *                                   
 Model                              1          7                                                             44.697809                           1_GWF-(1,509,83)
 Backtracking                       2                     0          0       1318501.8       1318501.8                       *                                   
 Model                              2         15                                                            -39.592013                           1_GWF-(1,508,83)
 Backtracking                       3                     0          0       713151.00       713151.00                       *                                   
 Model                              3         17                                                            -19.789069                           1_GWF-(10,675,1)
 Backtracking                       4                     1          1       813104.56       710182.87                                                           
 Model                              4         18                                                            -18.875989                           1_GWF-(10,675,1)
 Backtracking                       5                     1          1       774865.20       706546.96                                                           
 Model                              5         16                                                            -18.023077                           1_GWF-(10,675,1)
 Backtracking                       6                     1          1       756400.82       703271.53                                                           
 Model                              6         16                                                            -17.200995                           1_GWF-(10,675,1)
 Backtracking                       7                     0          0       737972.32       737972.32                       *                                   
 Model                              7         15                                                            -10.788875                          1_GWF-(1,437,569)
 Backtracking                       8                     0          0       526248.51       526248.51                       *                                   
 Model                              8         19                                                             17.755892                          1_GWF-(1,437,569)
 Backtracking                       9                     0          0       416909.71       416909.71                       *                                   
 Model                              9         22                                                            -6.6318249                           1_GWF-(1,595,58)
 Backtracking                      10                     0          0       353308.66       353308.66                       *                                   
 Model                             10         24                                                            -7.2154733                           1_GWF-(1,183,50)
 Backtracking                      11                     0          0       327496.19       327496.19                       *                                   
 Model                             11         22                                                             5.5818396                          1_GWF-(10,714,21)
 Backtracking                      12                     0          0       289453.91       289453.91                       *                                   
 Model                             12         24                                                             5.6652134                          1_GWF-(10,714,21)
 Backtracking                      13                     0          0       269300.79       269300.79                       *                                   
 Model                             13         24                                                             5.5523777                           1_GWF-(10,724,1)
 Backtracking                      14                     0          0       239586.20       239586.20                       *                                   
 Model                             14         22                                                             5.5611627                           1_GWF-(10,724,1)
 Backtracking                      15                     0          0       213530.82       213530.82                       *                                   
 Model                             15         22                                                             5.4123716                           1_GWF-(10,724,1)
 Backtracking                      16                     0          0       186312.79       186312.79                       *                                   
 Model                             16         23                                                             5.1870391                           1_GWF-(10,724,1)
 Backtracking                      17                     0          0       170081.72       170081.72                       *                                   
 Model                             17         24                                                             4.8109953                           1_GWF-(10,724,1)
 Backtracking                      18                     0          0       144369.74       144369.74                       *                                   
 Model                             18         26                                                             4.5458866                           1_GWF-(10,714,1)
 Backtracking                      19                     0          0       126284.43       126284.43                       *                                   
 Model                             19         24                                                             3.9130818                           1_GWF-(10,714,1)
 Backtracking                      20                     0          0       101408.66       101408.66                       *                                   
 Model                             20         12                                                             2.6605916                           1_GWF-(10,714,1)
 Backtracking                      21                     0          0       28872.668       28872.668                       *                                   
 Model                             21         47                                                             3.8713387                           1_GWF-(10,714,1)
 Backtracking                      22                     4          1       184118.87       38126.800                                                           
 Model                             22         36                                                             3.2906220                           1_GWF-(10,714,1)
 Backtracking                      23                     4          1       155513.41       47663.462                                                           
 Model                             23         33                                                             2.9048875                           1_GWF-(10,714,1)
 Backtracking                      24                     4          1       133338.86       55242.566                                                           
 Model                             24         31                                                             2.5458897                           1_GWF-(10,714,1)
 Backtracking                      25                     4          1       123359.74       61469.522                                                           
 Model                             25         29                                                             2.4694424                           1_GWF-(10,714,1)
 Backtracking                      26                     4          1       107419.48       65731.260                                                           
 Model                             26         26                                                             2.3288599                           1_GWF-(10,714,1)
 Backtracking                      27                     1          1       99128.985       68841.485                                                           
 Model                             27         26                                                             2.2548769                           1_GWF-(10,714,1)
 Backtracking                      28                     1          1       95551.531       71335.585                                                           
 Model                             28         22                                                             2.0302146                           1_GWF-(10,714,1)
 Backtracking                      29                     1          1       89166.010       72981.392                                                           
 Model                             29         24                                                             2.0542777                           1_GWF-(10,714,1)
 Backtracking                      30                     1          1       87933.336       74366.360                                                           
 Model                             30         22                                                             1.9372003                           1_GWF-(10,714,1)
 Backtracking                      31                     1          1       83972.007       75237.461                                                           
 Model                             31         23                                                             1.9063201                           1_GWF-(10,714,1)
 Backtracking                      32                     1          1       85176.975       76153.404                                                           
 Model                             32         22                                                             1.8001772                           1_GWF-(10,714,1)
 Backtracking                      33                     1          1       80164.453       76490.587                                                           
 Model                             33         22                                                             1.6793093                           1_GWF-(10,714,1)
 Backtracking                      34                     0          0       78809.463       78809.463                       *                                   
 Model                             34         18                                                            -1.5766043                          1_GWF-(1,611,202)
 Backtracking                      35                     0          0       48414.803       48414.803                       *                                   
 Model                             35         13                                                            -1.2605692                          1_GWF-(1,611,202)
 Backtracking                      36                     0          0       24700.967       24700.967                       *                                   
 Model                             36         21                                                            -1.4354773                          1_GWF-(1,611,202)
 Backtracking                      37                     4          1       46603.879       26567.811                                                           
 Model                             37          6                                                           -0.65019304                          1_GWF-(1,610,194)
 Backtracking                      38                     0          0       9070.0494       9070.0494                       *                                   
 Model                             38         33                                                            -1.3100766                          1_GWF-(1,584,208)
 Backtracking                      39                     4          1       73632.638       10508.519                                                           
 Model                             39          6                                                           -0.40246591                          1_GWF-(1,511,504)
 Backtracking                      40                     0          0       4982.0392       4982.0392                       *                                   
 Model                             40         19                                                            -1.3292474                          1_GWF-(4,585,207)
 Backtracking                      41                     4          1       60873.247       9310.5573                                                           
 Model                             41          6                                                           -0.30234153                          1_GWF-(1,511,504)
 Backtracking                      42                     0          0       4725.9720       4725.9720                       *                                   
 Model                             42         12                                                           -0.93489045                          1_GWF-(2,602,202)
 Backtracking                      43                     4          0       40129.147       40129.147                       *                                   
 Model                             43          5                                                           -0.22523977                          1_GWF-(1,614,190)
 Backtracking                      44                     0          0       15891.228       15891.228                       *                                   
 Model                             44          5                                                           -0.12377511                          1_GWF-(1,511,504)
 Backtracking                      45                     0          0       7411.3961       7411.3961                       *                                   
 Model                             45          3                                                           -0.69617283                          1_GWF-(1,511,504)
 Backtracking                      46                     0          0       4344.7028       4344.7028                       *                                   
 Model                             46          3                                                           -0.47806912                          1_GWF-(1,511,504)
 Backtracking                      47                     0          0       3093.0323       3093.0323                       *                                   
 Model                             47         24                                                           -0.65779287                          1_GWF-(1,511,504)
 Backtracking                      48                     4          0       28858.662       28858.662                       *                                   
 Model                             48          5                                                           -0.28772622                          1_GWF-(1,511,504)
 Backtracking                      49                     0          0       16578.264       16578.264                       *                                   
 Model                             49          3                                                           -0.21103055                          1_GWF-(4,512,504)
 Backtracking                      50                     0          0       10212.691       10212.691                       *                                   
 Model                             50          3                                                           -0.19451813                          1_GWF-(4,512,504)
 Backtracking                      51                     0          0       6762.1169       6762.1169                       *                                   
 Model                             51          3                                                           -0.17897339                          1_GWF-(4,512,504)
 Backtracking                      52                     0          0       4755.6113       4755.6113                       *                                   
 Model                             52          3                                                           -0.16454054                          1_GWF-(4,512,504)
 Backtracking                      53                     0          0       3509.2754       3509.2754                       *                                   
 Model                             53          3                                                           -0.15134474                          1_GWF-(4,512,504)
 Backtracking                      54                     0          0       2703.7236       2703.7236                       *                                   
 Model                             54          3                                                           -0.13930231                          1_GWF-(4,512,504)
 Backtracking                      55                     0          0       2164.6086       2164.6086                       *                                   
 Model                             55          3                                                           -0.12838282                          1_GWF-(4,512,504)
 Backtracking                      56                     0          0       1799.9598       1799.9598                       *                                   
 Model                             56          2                                                           -0.11762688                          1_GWF-(4,512,504)
 Backtracking                      57                     0          0       1366.2203       1366.2203                       *                                   
 Model                             57          2                                                           -0.10856784                          1_GWF-(4,512,504)
 Backtracking                      58                     0          0       1097.3748       1097.3748                       *                                   
 Model                             58          2                                                       -9.98471895E-02       *                  1_GWF-(4,512,504)
 ----------------------------------------------------------------------------------------------------------------------------------------------------------------


 58 CALLS TO NUMERICAL SOLUTION IN TIME STEP 1 STRESS PERIOD 1
 961 TOTAL ITERATIONS

 MEMORY MANAGER TOTAL STORAGE BY DATA TYPE, IN GIGABYTES
 -------------------------------
                    ALLOCATED   
 DATA TYPE           MEMORY     
 -------------------------------
 Character        1.39765000E-04
 Logical          4.40000000E-08
 Integer          1.1606661     
 Real             2.0844290     
 -------------------------------
 Total            3.2452349     
 Virtual          0.0000000     
 -------------------------------


 
 Run end date and time (yyyy/mm/dd hh:mm:ss): 2026/05/02 16:52:18
 Elapsed run time:  4 Minutes, 17.801 Seconds

WARNING REPORT:

  1. OPTIONS BLOCK VARIABLE 'UNIT_CONVERSION' IN FILE 'gwf-iisg.sfr' WAS
     DEPRECATED IN VERSION 6.4.2. SETTING UNIT_CONVERSION DIRECTLY.
 Normal termination of simulation.
