                                   MODFLOW 6
                U.S. GEOLOGICAL SURVEY MODULAR HYDROLOGIC MODEL
                            VERSION 6.5.0 05/23/2024

   MODFLOW 6 compiled May 23 2024 18:06:57 with Intel(R) Fortran Intel(R) 64
   Compiler Classic for applications running on Intel(R) 64, Version 2021.7.0
                             Build 20220726_000000

This software has been approved for release by the U.S. Geological 
Survey (USGS). Although the software has been subjected to rigorous 
review, the USGS reserves the right to update the software as needed 
pursuant to further analysis and review. No warranty, expressed or 
implied, is made by the USGS or the U.S. Government as to the 
functionality of the software and related material nor shall the 
fact of release constitute any such warranty. Furthermore, the 
software is released on condition that neither the USGS nor the U.S. 
Government shall be held liable for any damages resulting from its 
authorized or unauthorized use. Also refer to the USGS Water 
Resources Software User Rights Notice for complete use, copyright, 
and distribution information.


As a work of the United States Government, this USGS product is 
in the public domain within the United States. You can copy, 
modify, distribute, and perform the work, even for commercial 
purposes, all without asking permission. Additionally, USGS 
waives copyright and related rights in the work worldwide 
through CC0 1.0 Universal Public Domain Dedication 
(https://creativecommons.org/publicdomain/zero/1.0/).

The following GNU Lesser General Public License (LGPL) libraries
are used in this USGS product:

    SPARSKIT version 2.0
      ilut, luson, and qsplit 
      (https://www-users.cse.umn.edu/~saad/software/SPARSKIT/)

    RCM - Reverse Cuthill McKee Ordering
      (https://people.math.sc.edu/Burkardt/f_src/rcm/rcm.html)

    BLAS - Basic Linear Algebra Subprograms Level 1
      (https://people.math.sc.edu/Burkardt/f_src/blas1_d/blas1_d.html)

    SPARSEKIT - Sparse Matrix Utility Package
      amux, dperm, dvperm, rperm, and cperm
      (https://people.sc.fsu.edu/~jburkardt/f77_src/sparsekit/sparsekit.html)

The following BSD-3 License libraries are used in this USGS product:

    Modern Fortran DAG Library
      Copyright (c) 2018, Jacob Williams
      All rights reserved.
      (https://github.com/jacobwilliams/daglib)

MODFLOW 6 compiler options: /Isrc\libmf6core.a.p /Isrc /I..\src
/Isrc\libmf6_external.a.p /MTd /nologo /warn:general /warn:truncated_source
/stand:f08 /Zi /traceback /O2 /fpe:0 /heap-arrays:0 /traceback /fpp
/Qdiag-disable:7416 /Qdiag-disable:7025 /Qdiag-disable:5268
/Qdiag-disable:10448 /Fdsrc\libmf6core.a.p\Utilities_compilerversion.F90.pdb
/module:src\libmf6core.a.p
/Fosrc/libmf6core.a.p/Utilities_compilerversion.F90.obj /c

System command used to initiate simulation:
C:\Users\dbabrams\Documents\GitHub\modflow-state\bin\mf6.exe

MODFLOW was compiled using uniform precision.

Real Variables
  KIND: 8
  TINY (smallest non-zero value):    2.225074-308
  HUGE (largest value):    1.797693+308
  PRECISION: 15
  SIZE IN BITS: 64

Integer Variables
  KIND: 4
  HUGE (largest value): 2147483647
  SIZE IN BITS: 32

Long Integer Variables
  KIND: 8
  HUGE (largest value): 9223372036854775807
  SIZE IN BITS: 64

Logical Variables
  KIND: 4
  SIZE IN BITS: 32
 

 OPENED mfsim.nam
 FILE TYPE:NAM6               UNIT 1001   STATUS:OLD                 
 FORMAT:FORMATTED              ACCESS:SEQUENTIAL          
 ACTION:READ                

 # gwf-iisg model version 0.post45.dev0+gaf4bcff
 # File generated by Flopy version 3.11.0.dev0 on 05/01/2026 at 16:26:40.
 # via modflow-setup version 0.7.0.post12+g9a182cf at 2026-05-01 16:27:19

 OPENED gwf-iisg.tdis
 FILE TYPE:TDIS6              UNIT 1002   STATUS:OLD                 
 FORMAT:FORMATTED              ACCESS:SEQUENTIAL          
 ACTION:READ                

 # gwf-iisg model version 0.post45.dev0+gaf4bcff
 # File generated by Flopy version 3.11.0.dev0 on 05/01/2026 at 16:26:40.
 # via modflow-setup version 0.7.0.post12+g9a182cf at 2026-05-01 16:27:19
 # perlen nstp tsmult

 OPENED gwf-iisg.nam
 FILE TYPE:GWF6               UNIT 1003   STATUS:OLD                 
 FORMAT:FORMATTED              ACCESS:SEQUENTIAL          
 ACTION:READ                

 # gwf-iisg model version 0.post45.dev0+gaf4bcff
 # File generated by Flopy version 3.11.0.dev0 on 05/01/2026 at 16:26:40.
 # via modflow-setup version 0.7.0.post12+g9a182cf at 2026-05-01 16:27:19

 OPENED gwf-iisg.dis
 FILE TYPE:DIS6               UNIT 1004   STATUS:OLD                 
 FORMAT:FORMATTED              ACCESS:SEQUENTIAL          
 ACTION:READ                

 # gwf-iisg model version 0.post45.dev0+gaf4bcff
 # File generated by Flopy version 3.11.0.dev0 on 05/01/2026 at 16:26:40.
 # via modflow-setup version 0.7.0.post12+g9a182cf at 2026-05-01 16:27:19

 OPENED gwf-iisg.npf
 FILE TYPE:NPF6               UNIT 1026   STATUS:OLD                 
 FORMAT:FORMATTED              ACCESS:SEQUENTIAL          
 ACTION:READ                

 # gwf-iisg model version 0.post45.dev0+gaf4bcff
 # File generated by Flopy version 3.11.0.dev0 on 05/01/2026 at 16:26:40.
 # via modflow-setup version 0.7.0.post12+g9a182cf at 2026-05-01 16:27:19

 OPENED gwf-iisg.ic
 FILE TYPE:IC6                UNIT 1047   STATUS:OLD                 
 FORMAT:FORMATTED              ACCESS:SEQUENTIAL          
 ACTION:READ                

 # gwf-iisg model version 0.post45.dev0+gaf4bcff
 # File generated by Flopy version 3.11.0.dev0 on 05/01/2026 at 16:26:40.
 # via modflow-setup version 0.7.0.post12+g9a182cf at 2026-05-01 16:27:19

 OPENED gwf-iisg.oc
 FILE TYPE:OC6       UNIT 1058   STATUS:OLD                 
 FORMAT:FORMATTED              ACCESS:SEQUENTIAL          
 ACTION:READ                


 OPENED gwf-iisg-trimmed.obs
 FILE TYPE:OBS6      UNIT 1059   STATUS:OLD                 
 FORMAT:FORMATTED              ACCESS:SEQUENTIAL          
 ACTION:READ                


 OPENED gwf-iisg.wel
 FILE TYPE:WEL6               UNIT 1060   STATUS:OLD                 
 FORMAT:FORMATTED              ACCESS:SEQUENTIAL          
 ACTION:READ                

 # gwf-iisg model version 0.post45.dev0+gaf4bcff
 # File generated by Flopy version 3.11.0.dev0 on 05/01/2026 at 16:26:40.
 # via modflow-setup version 0.7.0.post12+g9a182cf at 2026-05-01 16:27:19

 OPENED gwf-iisg.drn
 FILE TYPE:DRN6               UNIT 1061   STATUS:OLD                 
 FORMAT:FORMATTED              ACCESS:SEQUENTIAL          
 ACTION:READ                

 # gwf-iisg model version 0.post45.dev0+gaf4bcff
 # File generated by Flopy version 3.11.0.dev0 on 05/01/2026 at 16:26:41.
 # via modflow-setup version 0.7.0.post12+g9a182cf at 2026-05-01 16:27:19

 OPENED gwf-iisg.ghb
 FILE TYPE:GHB6               UNIT 1062   STATUS:OLD                 
 FORMAT:FORMATTED              ACCESS:SEQUENTIAL          
 ACTION:READ                

 # gwf-iisg model version 0.post45.dev0+gaf4bcff
 # File generated by Flopy version 3.11.0.dev0 on 05/01/2026 at 16:26:40.
 # via modflow-setup version 0.7.0.post12+g9a182cf at 2026-05-01 16:27:19

 OPENED gwf-iisg.rcha
 FILE TYPE:RCH6               UNIT 1064   STATUS:OLD                 
 FORMAT:FORMATTED              ACCESS:SEQUENTIAL          
 ACTION:READ                

 # gwf-iisg model version 0.post45.dev0+gaf4bcff
 # File generated by Flopy version 3.11.0.dev0 on 05/01/2026 at 16:26:40.
 # via modflow-setup version 0.7.0.post12+g9a182cf at 2026-05-01 16:27:19

 OPENED gwf-iisg.sfr
 FILE TYPE:SFR6      UNIT 1065   STATUS:OLD                 
 FORMAT:FORMATTED              ACCESS:SEQUENTIAL          
 ACTION:READ                


 READING SIMULATION OPTIONS
    SIMULATION WILL CONTINUE EVEN IF THERE IS NONCONVERGENCE.
    MAXIMUM NUMBER OF ERRORS THAT WILL BE STORED IS 1000
 END OF SIMULATION OPTIONS

 READING SIMULATION TIMING

 TDIS -- TEMPORAL DISCRETIZATION PACKAGE,
 VERSION 1 : 11/13/2014 - INPUT READ FROM MEMPATH: __INPUT__/SIM/TDIS                                
 PROCESSING TDIS OPTIONS
    SIMULATION TIME UNIT IS DAYS
    SIMULATION STARTING DATE AND TIME IS 2003-01-01                    
 END OF TDIS OPTIONS
 PROCESSING TDIS DIMENSIONS
    1 STRESS PERIOD(S) IN SIMULATION
 END OF TDIS DIMENSIONS
 PROCESSING TDIS PERIODDATA


 STRESS PERIOD     LENGTH       TIME STEPS     MULTIPLIER FOR DELT
 ----------------------------------------------------------------------------
        1         1.000000          1                    1.000
 END OF TDIS PERIODDATA
 END OF SIMULATION TIMING

 READING SIMULATION MODELS
    GWF6 model 1 will be created
 END OF SIMULATION MODELS

 READING SIMULATION EXCHANGES
 END OF SIMULATION EXCHANGES

 READING SOLUTIONGROUP

 Creating solution: SLN_1           

 OPENED gwf-iisg.ims
 FILE TYPE:IMS   UNIT 1067   STATUS:OLD                 
 FORMAT:FORMATTED              ACCESS:SEQUENTIAL          
 ACTION:READ                

 END OF SOLUTIONGROUP

PROCESSING MODEL CONNECTIONS

 OPENED external/wel_000.dat
 FILE TYPE:OPEN/CLOSE   UNIT 1074   STATUS:OLD                 
 FORMAT:FORMATTED              ACCESS:SEQUENTIAL          
 ACTION:READ                


 OPENED .\external\drn_000.dat
 FILE TYPE:OPEN/CLOSE   UNIT 1075   STATUS:OLD                 
 FORMAT:FORMATTED              ACCESS:SEQUENTIAL          
 ACTION:READ                


 OPENED external/ghb_000.dat
 FILE TYPE:OPEN/CLOSE   UNIT 1076   STATUS:OLD                 
 FORMAT:FORMATTED              ACCESS:SEQUENTIAL          
 ACTION:READ                


 IMS -- ITERATIVE MODEL SOLUTION PACKAGE, VERSION 6, 4/28/2017
         INPUT READ FROM UNIT 1067
 # gwf-iisg model version 0.post45.dev0+gaf4bcff
 # File generated by Flopy version 3.11.0.dev0 on 05/01/2026 at 16:26:40.
 # via modflow-setup version 0.7.0.post12+g9a182cf at 2026-05-01 16:27:19

 PROCESSING IMS OPTIONS
 COMPLEX OPTION:
 DEFAULT SOLVER INPUT VALUES REFLECT STRONGLY NONLINEAR MODEL

 OPENED solver_outer_out.csv
 FILE TYPE:CSV_OUTER_OUTPUT   UNIT 1083   STATUS:REPLACE             
 FORMAT:FORMATTED              ACCESS:SEQUENTIAL          
 ACTION:READWRITE           

    CSV OUTPUT WILL BE SAVED TO FILE: solver_outer_out.csv
    OPENED ON UNIT:    1083
 END OF IMS OPTIONS

 PROCESSING IMS NONLINEAR
 END OF IMS NONLINEAR DATA
 **UNDER-RELAXATION WILL BE USED***
 

 PROCESSING LINEAR DATA
 END OF LINEAR DATA
 ***IMS LINEAR SOLVER WILL BE USED***

 IMSLINEAR -- UNSTRUCTURED LINEAR SOLUTION PACKAGE, VERSION 8, 04/28/2017
 An asymmetric matrix will be solved

 OUTER ITERATION CONVERGENCE CRITERION    (DVCLOSE) =    0.100000E+00
 MAXIMUM NUMBER OF OUTER ITERATIONS        (MXITER) = 300
 SOLVER PRINTOUT INDEX                     (IPRIMS) = 1
 NONLINEAR ITERATION METHOD            (NONLINMETH) = 3
 LINEAR SOLUTION METHOD                   (LINMETH) = 1
 UNDER-RELAXATION WEIGHT REDUCTION FACTOR   (THETA) =    0.800000E+00
 UNDER-RELAXATION WEIGHT INCREASE INCREMENT (KAPPA) =    0.100000E-03
 UNDER-RELAXATION PREVIOUS HISTORY FACTOR   (GAMMA) =    0.000000E+00
 UNDER-RELAXATION MOMENTUM TERM         (AMOMENTUM) =    0.000000E+00
 MAXIMUM NUMBER OF BACKTRACKS            (NUMTRACK) = 20
 BACKTRACKING TOLERANCE FACTOR               (BTOL) =    0.105000E+01
 BACKTRACKING REDUCTION FACTOR             (BREDUC) =    0.100000E+00
 BACKTRACKING RESIDUAL LIMIT              (RES_LIM) =    0.200000E-02

       SOLUTION BY THE BICONJUGATE-GRADIENT STABILIZED METHOD
 ------------------------------------------------------------------
 MAXIMUM OF 300 CALLS OF SOLUTION ROUTINE
 MAXIMUM OF 500 INTERNAL ITERATIONS PER CALL TO SOLUTION ROUTINE
 LINEAR ACCELERATION METHOD            = BCGS      
 MATRIX PRECONDITIONING TYPE           = INCOMPLETE LUT      
 MATRIX SCALING APPROACH               = NO SCALING          
 MATRIX REORDERING APPROACH            = ORIGINAL ORDERING        
 NUMBER OF ORTHOGONALIZATIONS          = 2
 HEAD CHANGE CRITERION FOR CLOSURE     =    0.10000E-01
 RESIDUAL CHANGE CRITERION FOR CLOSURE =    0.10000E-02
 RESIDUAL CONVERGENCE OPTION           = 3
 RESIDUAL CONVERGENCE NORM             = RELATIVE L2NORM 
 RELAXATION FACTOR                     =    0.00000E+00
 NUMBER OF LEVELS                      =              5
 DROP TOLERANCE                        =    0.10000E-03


 
    Solving:  Stress period:     1    Time step:     1
 
1
 STRESS PERIOD NO. 1, LENGTH =   1.000000    
 ------------------------------------------
 NUMBER OF TIME STEPS = 1
 MULTIPLIER FOR DELT =     1.000
 #k i j q boundname
 #k i j bhead cond boundname
 INITIAL TIME STEP SIZE =   1.000000    



 PSEUDO-TRANSIENT CONTINUATION WILL BE APPLIED TO MODEL 1 ("GWF-IISG") DURING THIS TIME STEP

 SLN_1 OUTER ITERATION SUMMARY
 ----------------------------------------------------------------------------------------------------------------------------------------------------------------
                                OUTER      INNER  BACKTRACK  BACKTRACK        INCOMING        OUTGOING                    STEP   MAXIMUM CHANGE MODEL-(CELLID) OR
 OUTER ITERATION STEP       ITERATION  ITERATION       FLAG ITERATIONS        RESIDUAL        RESIDUAL  MAXIMUM CHANGE SUCCESS             MODEL-PACKAGE-(NUMBER)
 ----------------------------------------------------------------------------------------------------------------------------------------------------------------
 Backtracking                       1                     0          0       4841093.9       4841093.9                       *                                   
 Model                              1          7                                                             44.697820                           1_GWF-(1,509,83)
 Backtracking                       2                     0          0       1318484.8       1318484.8                       *                                   
 Model                              2         15                                                            -39.592021                           1_GWF-(1,508,83)
 Backtracking                       3                     0          0       729864.52       729864.52                       *                                   
 Model                              3         17                                                            -19.552263                           1_GWF-(10,675,1)
 Backtracking                       4                     1          1       846178.70       728302.76                                                           
 Model                              4         17                                                            -18.638636                           1_GWF-(10,675,1)
 Backtracking                       5                     1          1       809321.98       725957.71                                                           
 Model                              5         16                                                            -17.796401                           1_GWF-(10,675,1)
 Backtracking                       6                     1          1       790663.14       723868.54                                                           
 Model                              6         15                                                            -16.978882                           1_GWF-(10,675,1)
 Backtracking                       7                     1          1       780018.88       722388.39                                                           
 Model                              7         15                                                            -16.194837                           1_GWF-(10,675,1)
 Backtracking                       8                     1          1       759761.68       720216.07                                                           
 Model                              8         15                                                            -15.447378                           1_GWF-(10,675,1)
 Backtracking                       9                     0          0       738322.17       738322.17                       *                                   
 Model                              9         16                                                            -9.9856821                          1_GWF-(1,485,103)
 Backtracking                      10                     0          0       540926.87       540926.87                       *                                   
 Model                             10         17                                                            -7.6609760                           1_GWF-(1,595,58)
 Backtracking                      11                     0          0       477393.00       477393.00                       *                                   
 Model                             11         19                                                            -5.9933668                          1_GWF-(1,515,110)
 Backtracking                      12                     0          0       411091.48       411091.48                       *                                   
 Model                             12         19                                                            -6.4656257                           1_GWF-(1,183,50)
 Backtracking                      13                     0          0       380066.51       380066.51                       *                                   
 Model                             13         20                                                             5.2042347                         1_GWF-(10,733,484)
 Backtracking                      14                     0          0       350138.14       350138.14                       *                                   
 Model                             14         22                                                             5.1755592                          1_GWF-(10,714,21)
 Backtracking                      15                     0          0       324974.51       324974.51                       *                                   
 Model                             15         21                                                             5.0765108                           1_GWF-(10,724,1)
 Backtracking                      16                     0          0       297755.28       297755.28                       *                                   
 Model                             16         24                                                             5.0492485                           1_GWF-(10,724,1)
 Backtracking                      17                     0          0       277718.29       277718.29                       *                                   
 Model                             17         18                                                             4.7484899                           1_GWF-(10,724,1)
 Backtracking                      18                     0          0       231369.61       231369.61                       *                                   
 Model                             18         21                                                             4.9700806                           1_GWF-(10,724,1)
 Backtracking                      19                     0          0       231717.43       231717.43                       *                                   
 Model                             19         19                                                             4.3107079                           1_GWF-(10,724,1)
 Backtracking                      20                     0          0       196514.24       196514.24                       *                                   
 Model                             20         25                                                             4.3741837                           1_GWF-(10,714,1)
 Backtracking                      21                     0          0       188130.02       188130.02                       *                                   
 Model                             21         19                                                             3.8318328                           1_GWF-(10,714,1)
 Backtracking                      22                     0          0       150882.38       150882.38                       *                                   
 Model                             22         27                                                             3.6155161                           1_GWF-(10,714,1)
 Backtracking                      23                     0          0       155394.93       155394.93                       *                                   
 Model                             23         15                                                             2.6294116                           1_GWF-(10,714,1)
 Backtracking                      24                     0          0       63914.335       63914.335                       *                                   
 Model                             24         32                                                             3.4975797                           1_GWF-(10,714,1)
 Backtracking                      25                     4          1       130884.47       69892.711                                                           
 Model                             25         35                                                             3.0894329                           1_GWF-(10,714,1)
 Backtracking                      26                     4          1       122881.02       74774.950                                                           
 Model                             26         28                                                             2.7350843                           1_GWF-(10,714,1)
 Backtracking                      27                     1          1       112960.85       78340.772                                                           
 Model                             27         28                                                             2.6844800                           1_GWF-(10,714,1)
 Backtracking                      28                     1          1       108707.36       81217.895                                                           
 Model                             28         31                                                             2.4302845                           1_GWF-(10,714,1)
 Backtracking                      29                     1          1       103921.04       83377.174                                                           
 Model                             29         25                                                             3.0010952                           1_GWF-(10,714,1)
 Backtracking                      30                     1          1       104246.53       85382.477                                                           
 Model                             30         31                                                             2.2567724                           1_GWF-(10,714,1)
 Backtracking                      31                     1          1       97286.903       86514.672                                                           
 Model                             31         25                                                             2.6553642                           1_GWF-(10,714,1)
 Backtracking                      32                     1          1       98395.696       87666.756                                                           
 Model                             32         25                                                             2.3691968                           1_GWF-(10,714,1)
 Backtracking                      33                     1          1       96585.803       88533.786                                                           
 Model                             33         26                                                             2.3015975                           1_GWF-(10,714,1)
 Backtracking                      34                     1          1       93683.026       89032.760                                                           
 Model                             34         25                                                             2.3820078                           1_GWF-(10,714,1)
 Backtracking                      35                     0          0       92390.196       92390.196                       *                                   
 Model                             35          6                                                            -1.2083078                          1_GWF-(6,615,201)
 Backtracking                      36                     0          0       28402.635       28402.635                       *                                   
 Model                             36         32                                                            -1.6897870                          1_GWF-(6,615,201)
 Backtracking                      37                     1          1       98961.140       27646.003                                                           
 Model                             37         31                                                            -1.9844597                          1_GWF-(6,615,201)
 Backtracking                      38                     4          1       93791.206       29757.192                                                           
 Model                             38         32                                                            -1.6273613                          1_GWF-(6,615,201)
 Backtracking                      39                     4          1       92944.404       33442.711                                                           
 Model                             39         24                                                            -1.6354426                          1_GWF-(6,615,201)
 Backtracking                      40                     4          1       72142.140       36145.401                                                           
 Model                             40          7                                                            -1.0410597                          1_GWF-(6,615,201)
 Backtracking                      41                     0          0       16506.120       16506.120                       *                                   
 Model                             41          9                                                            -1.5749100                          1_GWF-(6,615,201)
 Backtracking                      42                     1          1       29566.705       17103.157                                                           
 Model                             42         35                                                            -1.4059970                          1_GWF-(6,615,201)
 Backtracking                      43                     4          1       126982.32       25214.384                                                           
 Model                             43          7                                                           -0.89609172                          1_GWF-(6,615,201)
 Backtracking                      44                     0          0       17712.394       17712.394                       *                                   
 Model                             44         12                                                            -1.7976249                          1_GWF-(6,615,201)
 Backtracking                      45                     4          1       73504.337       22995.369                                                           
 Model                             45         20                                                            -1.2752217                          1_GWF-(6,615,201)
 Backtracking                      46                     4          1       87558.366       29280.444                                                           
 Model                             46         24                                                           -0.94086420                          1_GWF-(6,615,201)
 Backtracking                      47                     4          0       91718.916       91718.916                       *                                   
 Model                             47          5                                                           -0.48245862                          1_GWF-(6,615,201)
 Backtracking                      48                     0          0       46782.054       46782.054                       *                                   
 Model                             48          7                                                           -0.31798226                          1_GWF-(6,615,201)
 Backtracking                      49                     0          0       30062.830       30062.830                       *                                   
 Model                             49         21                                                           -0.54809126                         1_GWF-(10,587,185)
 Backtracking                      50                     4          0       45788.764       45788.764                       *                                   
 Model                             50          4                                                           -0.17937491                          1_GWF-(6,615,201)
 Backtracking                      51                     0          0       25993.426       25993.426                       *                                   
 Model                             51          5                                                           -0.11118153                          1_GWF-(6,615,201)
 Backtracking                      52                     0          0       15265.407       15265.407                       *                                   
 Model                             52          3                                                       -6.41401346E-02       *                  1_GWF-(6,615,201)
 ----------------------------------------------------------------------------------------------------------------------------------------------------------------


 52 CALLS TO NUMERICAL SOLUTION IN TIME STEP 1 STRESS PERIOD 1
 1014 TOTAL ITERATIONS

 MEMORY MANAGER TOTAL STORAGE BY DATA TYPE, IN GIGABYTES
 -------------------------------
                    ALLOCATED   
 DATA TYPE           MEMORY     
 -------------------------------
 Character        1.38433000E-04
 Logical          4.40000000E-08
 Integer          1.1606590     
 Real             2.0844148     
 -------------------------------
 Total            3.2452122     
 Virtual          0.0000000     
 -------------------------------


 
 Run end date and time (yyyy/mm/dd hh:mm:ss): 2026/05/01 16:31:48
 Elapsed run time:  4 Minutes, 19.696 Seconds

WARNING REPORT:

  1. OPTIONS BLOCK VARIABLE 'UNIT_CONVERSION' IN FILE 'gwf-iisg.sfr' WAS
     DEPRECATED IN VERSION 6.4.2. SETTING UNIT_CONVERSION DIRECTLY.
 Normal termination of simulation.
